radius
0.32
1.25
0.2913371367938708
0.68
0.20016599558409565
0.76
0.78
1.48
1.07
1.11
1.68
1.47
1.74
1.82
0.45
0.51
1.87
1.36
1.62
0.39213853269524923
0.21708326330818598
1.01
0.66
1.06
1.81
0.43
0.47
1.36
1.5
1.4
1.43
1.66
1.98
1.73
1.05
1.26
1.42
1.54
1.54
0.82
0.89
1.34
1.63
0.95
1.72
1.44
0.31
1.72
1.13
1.61
0.58
0.95
1.15
0.34
0.59
0.43
1.9
0.47
1.12
1.87
1.41
1.9565417758454398
1.5728228495020475
0.6
1.45
0.72
0.52
1.0
0.64
1.87
2.06
1.15
0.41
1.73
1.7563621564972822
1.8843827041249146
1.77
1.8862609531699261
1.96919532621015
1.32
1.33


predicted
0.48370766566629253
1.3482035099395213
0.3891933703627608
0.8483793123181146
0.38846297741727576
0.9737534602463561
0.985446537108821
1.5678328529825847
1.0230714342531462
1.0518356885277014
1.6446725932513162
1.410605668084773
1.6151651750461415
1.629710842057702
0.4139462719211283
0.6425409519100795
1.9200480925102827
1.240657642674962
1.7281712503716404
0.5598390735708826
0.3502779882556336
1.0421457257774114
0.7747766747650778
1.110806403555034
1.5745103510641287
0.535652504630754
0.6182658660322002
1.3979678009663736
1.6445735883078592
1.4341774165789511
1.4771839489639562
1.6393804814556787
1.7698372498692632
1.649748202643307
1.1544071369356108
1.34501943049287
1.4506675526463568
1.5982125432379828
1.4140835115273165
1.026039395342699
0.7811129169578623
1.5427854729009234
1.8477316391192626
0.9334545458624717
1.4464204509665792
1.4593397560172445
0.38121704597146505
1.744930285170526
1.0048162152386761
1.7255841441768864
0.5453001659332549
0.9244513940018042
1.1146293278349808
0.32747790439055935
0.46944221817819853
0.28327774451542387
1.710938037361204
0.40397522216205023
0.9595246114427087
1.6709581476415907
1.2924617065161297
1.7685021321774095
1.4689172929669991
0.3831439815025698
1.3640518395094028
0.5912062204406313
0.39756676096847593
0.7995740123277426
0.49791443001791363
1.664095914073027
2.0357572367193644
0.8576053806493052
0.30579881946600773
2.0653607434471297
1.4500829827223525
1.927767526485006
1.7714456664257616
1.7214889573217906
1.9109133185437897
1.092006878226127
1.0391756344079417


line
0.20016599558409565
0.2187624759802151
0.2373589563763345
0.2559554367724539
0.27455191716857336
0.2931483975646928
0.31174487796081224
0.3303413583569317
0.34893783875305107
0.36753431914917056
0.38613079954528995
0.4047272799414094
0.42332376033752883
0.4419202407336482
0.46051672112976766
0.4791132015258871
0.49770968192200654
0.516306162318126
0.5349026427142454
0.5534991231103648
0.5720956035064843
0.5906920839026037
0.6092885642987231
0.6278850446948425
0.646481525090962
0.6650780054870814
0.6836744858832009
0.7022709662793203
0.7208674466754397
0.7394639270715592
0.7580604074676786
0.776656887863798
0.7952533682599174
0.8138498486560368
0.8324463290521563
0.8510428094482757
0.8696392898443952
0.8882357702405146
0.906832250636634
0.9254287310327535
0.9440252114288729
0.9626216918249924
0.9812181722211117
0.9998146526172311
1.0184111330133505
1.03700761340947
1.0556040938055895
1.074200574201709
1.0927970545978285
1.1113935349939479
1.1299900153900673
1.1485864957861867
1.167182976182306
1.1857794565784254
1.2043759369745448
1.2229724173706642
1.2415688977667836
1.2601653781629034
1.2787618585590228
1.2973583389551422
1.3159548193512616
1.334551299747381
1.3531477801435003
1.3717442605396197
1.3903407409357391
1.4089372213318585
1.4275337017279779
1.4461301821240977
1.464726662520217
1.4833231429163365
1.5019196233124559
1.5205161037085753
1.5391125841046946
1.557709064500814
1.5763055448969334
1.5949020252930528
1.6134985056891722
1.632094986085292
1.6506914664814114
1.6692879468775308
1.6878844272736502
1.7064809076697696
1.725077388065889
1.7436738684620083
1.7622703488581277
1.780866829254247
1.7994633096503665
1.8180597900464863
1.8366562704426057
1.855252750838725
1.8738492312348445
1.8924457116309639
1.9110421920270833
1.9296386724232026
1.948235152819322
1.9668316332154414
1.9854281136115612
2.0040245940076806
2.0226210744038
2.0412175547999194
2.059814035196039
